                                      1 .module delay
                                      2 .optsdcc -mstm8
                                      3 .area DATA
                                      4 .area INITIALIZED
                                      5 .area DABS (ABS)
                                      6 .area HOME
                                      7 .area GSINIT
                                      8 .area GSFINAL
                                      9 .area CONST
                                     10 .area INITIALIZER
                                     11 .area CODE
                                     12 .area HOME
                                     13 .area GSINIT
                                     14 .area GSFINAL
                                     15 .area GSINIT
                                     16 .area HOME
                                     17 .area HOME
                                     18 .area CODE
      000000                         19 __delay_cycl:
      000000 9D               [ 1]   20 nop
      000001 9D               [ 1]   21 nop
      000002 1E 03            [ 2]   22 ldw	x, (0x03, sp)
      000004                         23 00101$:
      000004 5A               [ 2]   24 decw	x
      000005 5D               [ 2]   25 tnzw	x
      000006 27 03            [ 1]   26 jreq	00117$
      000008 CCr00r04         [ 2]   27 jp	00101$
      00000B                         28 00117$:
      00000B 9D               [ 1]   29 nop
      00000C                         30 00104$:
      00000C 81               [ 4]   31 ret
      00000D                         32 __delay_us:
      00000D 16 03            [ 2]   33 ldw	y, (0x03, sp)
      00000F 5F               [ 1]   34 clrw	x
      000010 90 89            [ 2]   35 pushw	y
      000012 89               [ 2]   36 pushw	x
      000013 4B 00            [ 1]   37 push	#0x00
      000015 4B 24            [ 1]   38 push	#0x24
      000017 4B F4            [ 1]   39 push	#0xf4
      000019 4B 00            [ 1]   40 push	#0x00
      00001B CDr00r00         [ 4]   41 call	__mullong
      00001E 5B 08            [ 2]   42 addw	sp, #8
      000020 4B 40            [ 1]   43 push	#0x40
      000022 4B 42            [ 1]   44 push	#0x42
      000024 4B 0F            [ 1]   45 push	#0x0f
      000026 4B 00            [ 1]   46 push	#0x00
      000028 89               [ 2]   47 pushw	x
      000029 90 89            [ 2]   48 pushw	y
      00002B CDr00r00         [ 4]   49 call	__divulong
      00002E 5B 08            [ 2]   50 addw	sp, #8
      000030 90 54            [ 2]   51 srlw	y
      000032 56               [ 2]   52 rrcw	x
      000033 90 54            [ 2]   53 srlw	y
      000035 56               [ 2]   54 rrcw	x
      000036 90 54            [ 2]   55 srlw	y
      000038 56               [ 2]   56 rrcw	x
      000039 5C               [ 1]   57 incw	x
      00003A 51               [ 1]   58 exgw	x, y
      00003B 9D               [ 1]   59 nop
      00003C 9D               [ 1]   60 nop
      00003D                         61 00101$:
      00003D 93               [ 1]   62 ldw	x, y
      00003E 5A               [ 2]   63 decw	x
      00003F 90 93            [ 1]   64 ldw	y, x
      000041 5D               [ 2]   65 tnzw	x
      000042 27 03            [ 1]   66 jreq	00117$
      000044 CCr00r3D         [ 2]   67 jp	00101$
      000047                         68 00117$:
      000047 9D               [ 1]   69 nop
      000048                         70 00105$:
      000048 81               [ 4]   71 ret
                                     72 .area CODE
                                     73 .area CONST
                                     74 .area INITIALIZER
                                     75 .area CABS (ABS)
