                                      1 .module stm8s_itc
                                      2 .optsdcc -mstm8
                                      3 .globl _ITC_SetSoftwarePriority
                                      4 .area DATA
                                      5 .area INITIALIZED
                                      6 .area DABS (ABS)
                                      7 .area HOME
                                      8 .area GSINIT
                                      9 .area GSFINAL
                                     10 .area CONST
                                     11 .area INITIALIZER
                                     12 .area CODE
                                     13 .area HOME
                                     14 .area GSINIT
                                     15 .area GSFINAL
                                     16 .area GSINIT
                                     17 .area HOME
                                     18 .area HOME
                                     19 .area CODE
      000000                         20 _ITC_SetSoftwarePriority:
      000000 89               [ 2]   21 pushw	x
      000001 7B 05            [ 1]   22 ld	a, (0x05, sp)
      000003 5F               [ 1]   23 clrw	x
      000004 A4 03            [ 1]   24 and	a, #0x03
      000006 97               [ 1]   25 ld	xl, a
      000007 4F               [ 1]   26 clr	a
      000008 58               [ 2]   27 sllw	x
      000009 A6 03            [ 1]   28 ld	a, #0x03
      00000B 88               [ 1]   29 push	a
      00000C 9F               [ 1]   30 ld	a, xl
      00000D 4D               [ 1]   31 tnz	a
      00000E 27 05            [ 1]   32 jreq	00132$
      000010                         33 00131$:
      000010 08 01            [ 1]   34 sll	(1, sp)
      000012 4A               [ 1]   35 dec	a
      000013 26 FB            [ 1]   36 jrne	00131$
      000015                         37 00132$:
      000015 84               [ 1]   38 pop	a
      000016 43               [ 1]   39 cpl	a
      000017 6B 01            [ 1]   40 ld	(0x01, sp), a
      000019 7B 06            [ 1]   41 ld	a, (0x06, sp)
      00001B 88               [ 1]   42 push	a
      00001C 9F               [ 1]   43 ld	a, xl
      00001D 4D               [ 1]   44 tnz	a
      00001E 27 05            [ 1]   45 jreq	00134$
      000020                         46 00133$:
      000020 08 01            [ 1]   47 sll	(1, sp)
      000022 4A               [ 1]   48 dec	a
      000023 26 FB            [ 1]   49 jrne	00133$
      000025                         50 00134$:
      000025 84               [ 1]   51 pop	a
      000026 6B 02            [ 1]   52 ld	(0x02, sp), a
      000028 7B 05            [ 1]   53 ld	a, (0x05, sp)
      00002A A1 18            [ 1]   54 cp	a, #0x18
      00002C 23 03            [ 2]   55 jrule	00135$
      00002E CCr00rEE         [ 2]   56 jp	00124$
      000031                         57 00135$:
      000031 5F               [ 1]   58 clrw	x
      000032 7B 05            [ 1]   59 ld	a, (0x05, sp)
      000034 97               [ 1]   60 ld	xl, a
      000035 58               [ 2]   61 sllw	x
      000036 DEu00u3A         [ 2]   62 ldw	x, (#00136$, x)
      000039 FC               [ 2]   63 jp	(x)
      00003A                         64 00136$:
      00003Ar00r6C                   65 .dw	#00104$
      00003Cr00r6C                   66 .dw	#00104$
      00003Er00r6C                   67 .dw	#00104$
      000040r00r6C                   68 .dw	#00104$
      000042r00r7F                   69 .dw	#00108$
      000044r00r7F                   70 .dw	#00108$
      000046r00r7F                   71 .dw	#00108$
      000048r00r7F                   72 .dw	#00108$
      00004Ar00rEE                   73 .dw	#00124$
      00004Cr00rEE                   74 .dw	#00124$
      00004Er00r92                   75 .dw	#00110$
      000050r00r92                   76 .dw	#00110$
      000052r00rA5                   77 .dw	#00114$
      000054r00rA5                   78 .dw	#00114$
      000056r00rA5                   79 .dw	#00114$
      000058r00rA5                   80 .dw	#00114$
      00005Ar00rB8                   81 .dw	#00118$
      00005Cr00rB8                   82 .dw	#00118$
      00005Er00rB8                   83 .dw	#00118$
      000060r00rB8                   84 .dw	#00118$
      000062r00rEE                   85 .dw	#00124$
      000064r00rEE                   86 .dw	#00124$
      000066r00rCB                   87 .dw	#00120$
      000068r00rCB                   88 .dw	#00120$
      00006Ar00rDE                   89 .dw	#00121$
      00006C                         90 00104$:
      00006C C6 7F 70         [ 1]   91 ld	a, 0x7f70
      00006F 14 01            [ 1]   92 and	a, (0x01, sp)
      000071 C7 7F 70         [ 1]   93 ld	0x7f70, a
      000074 C6 7F 70         [ 1]   94 ld	a, 0x7f70
      000077 1A 02            [ 1]   95 or	a, (0x02, sp)
      000079 C7 7F 70         [ 1]   96 ld	0x7f70, a
      00007C CCr00rEE         [ 2]   97 jp	00124$
      00007F                         98 00108$:
      00007F C6 7F 71         [ 1]   99 ld	a, 0x7f71
      000082 14 01            [ 1]  100 and	a, (0x01, sp)
      000084 C7 7F 71         [ 1]  101 ld	0x7f71, a
      000087 C6 7F 71         [ 1]  102 ld	a, 0x7f71
      00008A 1A 02            [ 1]  103 or	a, (0x02, sp)
      00008C C7 7F 71         [ 1]  104 ld	0x7f71, a
      00008F CCr00rEE         [ 2]  105 jp	00124$
      000092                        106 00110$:
      000092 C6 7F 72         [ 1]  107 ld	a, 0x7f72
      000095 14 01            [ 1]  108 and	a, (0x01, sp)
      000097 C7 7F 72         [ 1]  109 ld	0x7f72, a
      00009A C6 7F 72         [ 1]  110 ld	a, 0x7f72
      00009D 1A 02            [ 1]  111 or	a, (0x02, sp)
      00009F C7 7F 72         [ 1]  112 ld	0x7f72, a
      0000A2 CCr00rEE         [ 2]  113 jp	00124$
      0000A5                        114 00114$:
      0000A5 C6 7F 73         [ 1]  115 ld	a, 0x7f73
      0000A8 14 01            [ 1]  116 and	a, (0x01, sp)
      0000AA C7 7F 73         [ 1]  117 ld	0x7f73, a
      0000AD C6 7F 73         [ 1]  118 ld	a, 0x7f73
      0000B0 1A 02            [ 1]  119 or	a, (0x02, sp)
      0000B2 C7 7F 73         [ 1]  120 ld	0x7f73, a
      0000B5 CCr00rEE         [ 2]  121 jp	00124$
      0000B8                        122 00118$:
      0000B8 C6 7F 74         [ 1]  123 ld	a, 0x7f74
      0000BB 14 01            [ 1]  124 and	a, (0x01, sp)
      0000BD C7 7F 74         [ 1]  125 ld	0x7f74, a
      0000C0 C6 7F 74         [ 1]  126 ld	a, 0x7f74
      0000C3 1A 02            [ 1]  127 or	a, (0x02, sp)
      0000C5 C7 7F 74         [ 1]  128 ld	0x7f74, a
      0000C8 CCr00rEE         [ 2]  129 jp	00124$
      0000CB                        130 00120$:
      0000CB C6 7F 75         [ 1]  131 ld	a, 0x7f75
      0000CE 14 01            [ 1]  132 and	a, (0x01, sp)
      0000D0 C7 7F 75         [ 1]  133 ld	0x7f75, a
      0000D3 C6 7F 75         [ 1]  134 ld	a, 0x7f75
      0000D6 1A 02            [ 1]  135 or	a, (0x02, sp)
      0000D8 C7 7F 75         [ 1]  136 ld	0x7f75, a
      0000DB CCr00rEE         [ 2]  137 jp	00124$
      0000DE                        138 00121$:
      0000DE C6 7F 76         [ 1]  139 ld	a, 0x7f76
      0000E1 14 01            [ 1]  140 and	a, (0x01, sp)
      0000E3 C7 7F 76         [ 1]  141 ld	0x7f76, a
      0000E6 C6 7F 76         [ 1]  142 ld	a, 0x7f76
      0000E9 1A 02            [ 1]  143 or	a, (0x02, sp)
      0000EB C7 7F 76         [ 1]  144 ld	0x7f76, a
      0000EE                        145 00124$:
      0000EE 85               [ 2]  146 popw	x
      0000EF 81               [ 4]  147 ret
                                    148 .area CODE
                                    149 .area CONST
                                    150 .area INITIALIZER
                                    151 .area CABS (ABS)
